E:\LNCT\Project materials\Online Bookstore\onlinebookstore\src\main\java\servlets\CustomerLoginServlet.java
E:\LNCT\Project materials\Online Bookstore\onlinebookstore\src\main\java\com\bittercode\constant\db\UsersDBConstants.java
E:\LNCT\Project materials\Online Bookstore\onlinebookstore\src\main\java\servlets\BuyBooksServlet.java
E:\LNCT\Project materials\Online Bookstore\onlinebookstore\src\main\java\com\bittercode\model\package-info.java
E:\LNCT\Project materials\Online Bookstore\onlinebookstore\src\main\java\com\bittercode\service\impl\UserServiceImpl.java
E:\LNCT\Project materials\Online Bookstore\onlinebookstore\src\main\java\com\bittercode\util\DBUtil.java
E:\LNCT\Project materials\Online Bookstore\onlinebookstore\src\main\java\servlets\UpdateBookServlet.java
E:\LNCT\Project materials\Online Bookstore\onlinebookstore\src\main\java\com\bittercode\util\DatabaseConfig.java
E:\LNCT\Project materials\Online Bookstore\onlinebookstore\src\main\java\servlets\RemoveBookServlet.java
E:\LNCT\Project materials\Online Bookstore\onlinebookstore\src\main\java\com\bittercode\model\Book.java
E:\LNCT\Project materials\Online Bookstore\onlinebookstore\src\main\java\servlets\LogoutServlet.java
E:\LNCT\Project materials\Online Bookstore\onlinebookstore\src\main\java\com\bittercode\service\impl\BookServiceImpl.java
E:\LNCT\Project materials\Online Bookstore\onlinebookstore\src\main\java\servlets\StoreBookServlet.java
E:\LNCT\Project materials\Online Bookstore\onlinebookstore\src\main\java\com\bittercode\constant\db\BooksDBConstants.java
E:\LNCT\Project materials\Online Bookstore\onlinebookstore\src\main\java\servlets\ReceiptServlet.java
E:\LNCT\Project materials\Online Bookstore\onlinebookstore\src\main\java\com\bittercode\constant\ResponseCode.java
E:\LNCT\Project materials\Online Bookstore\onlinebookstore\src\main\java\servlets\ErrorHandlerServlet.java
E:\LNCT\Project materials\Online Bookstore\onlinebookstore\src\main\java\servlets\ProcessPaymentServlet.java
E:\LNCT\Project materials\Online Bookstore\onlinebookstore\src\main\java\com\bittercode\service\BookService.java
E:\LNCT\Project materials\Online Bookstore\onlinebookstore\src\main\java\com\bittercode\model\User.java
E:\LNCT\Project materials\Online Bookstore\onlinebookstore\src\main\java\servlets\CartServlet.java
E:\LNCT\Project materials\Online Bookstore\onlinebookstore\src\main\java\com\bittercode\model\StoreException.java
E:\LNCT\Project materials\Online Bookstore\onlinebookstore\src\main\java\com\bittercode\model\UserRole.java
E:\LNCT\Project materials\Online Bookstore\onlinebookstore\src\main\java\servlets\AddBookServlet.java
E:\LNCT\Project materials\Online Bookstore\onlinebookstore\src\main\java\servlets\CheckoutServlet.java
E:\LNCT\Project materials\Online Bookstore\onlinebookstore\src\main\java\com\bittercode\model\Cart.java
E:\LNCT\Project materials\Online Bookstore\onlinebookstore\src\main\java\com\bittercode\util\StoreUtil.java
E:\LNCT\Project materials\Online Bookstore\onlinebookstore\src\main\java\com\bittercode\service\UserService.java
E:\LNCT\Project materials\Online Bookstore\onlinebookstore\src\main\java\servlets\CustomerRegisterServlet.java
E:\LNCT\Project materials\Online Bookstore\onlinebookstore\src\main\java\com\bittercode\model\Address.java
E:\LNCT\Project materials\Online Bookstore\onlinebookstore\src\main\java\com\bittercode\constant\BookStoreConstants.java
E:\LNCT\Project materials\Online Bookstore\onlinebookstore\src\main\java\servlets\SellerLoginServlet.java
E:\LNCT\Project materials\Online Bookstore\onlinebookstore\src\main\java\servlets\AboutServlet.java
E:\LNCT\Project materials\Online Bookstore\onlinebookstore\src\main\java\servlets\ViewBookServlet.java
